******************************************************************************
                  TI ARM Linker PC v16.9.1                     
******************************************************************************
>> Linked Sun Sep 10 13:37:30 2017

OUTPUT FILE NAME:   <ESP8266.out>
ENTRY POINT SYMBOL: "_c_int00"  address: 00001465


MEMORY CONFIGURATION

         name            origin    length      used     unused   attr    fill
----------------------  --------  ---------  --------  --------  ----  --------
  MAIN                  00000000   00040000  000017d0  0003e830  R  X
  INFO                  00200000   00004000  00000000  00004000  R  X
  SRAM_CODE             01000000   00010000  00001cd7  0000e329  RW X
  SRAM_DATA             20000000   00010000  00001cd7  0000e329  RW  


SEGMENT ALLOCATION MAP

run origin  load origin   length   init length attrs members
----------  ----------- ---------- ----------- ----- -------
00000000    00000000    000017d0   000017d0    r-x
  00000000    00000000    000000e4   000000e4    r-- .intvecs
  000000e4    000000e4    0000163c   0000163c    r-x .text
  00001720    00001720    000000b0   000000b0    r-- .cinit
20000000    20000000    000018d7   00000000    rw-
  20000000    20000000    00001810   00000000    rw- .bss
  20001810    20001810    000000c7   00000000    rw- .data
2000fc00    2000fc00    00000400   00000000    rw-
  2000fc00    2000fc00    00000400   00000000    rw- .stack


SECTION ALLOCATION MAP

 output                                  attributes/
section   page    origin      length       input sections
--------  ----  ----------  ----------   ----------------
.intvecs   0    00000000    000000e4     
                  00000000    000000e4     startup_msp432p401r_ccs.obj (.intvecs:retain)

.binit     0    00000000    00000000     

.text      0    000000e4    0000163c     
                  000000e4    000003b8     ESP8266.obj (.text)
                  0000049c    00000370     UART_Driver.obj (.text)
                  0000080c    00000338     main.obj (.text)
                  00000b44    0000032c     system_msp432p401r.obj (.text)
                  00000e70    00000224     MSPIO.obj (.text)
                  00001094    000000dc     msp432p4xx_driverlib.lib : pcm.obj (.text:__PCM_setPowerModeAdvanced)
                  00001170    000000b0                              : pcm.obj (.text:__PCM_setCoreVoltageLevelAdvanced)
                  00001220    0000009c     rtsv7M4_T_le_v4SPD16_eabi.lib : memcpy_t2.obj (.text)
                  000012bc    0000007a                                   : memset_t2.obj (.text)
                  00001336    00000002                                   : mpu_init.obj (.text)
                  00001338    00000070                                   : autoinit.obj (.text)
                  000013a8    00000068                                   : copy_decompress_lzss.obj (.text:decompress:lzss)
                  00001410    00000054     GPIO_Driver.obj (.text)
                  00001464    00000054     rtsv7M4_T_le_v4SPD16_eabi.lib : boot.obj (.text)
                  000014b8    00000054                                   : exit.obj (.text)
                  0000150c    00000054                                   : ltoa.obj (.text)
                  00001560    0000004c                                   : cpy_tbl.obj (.text)
                  000015ac    00000034                                   : strstr.obj (.text)
                  000015e0    0000002c     msp432p4xx_driverlib.lib : pcm.obj (.text:PCM_getCoreVoltageLevel)
                  0000160c    0000002a                              : pcm.obj (.text:PCM_getPowerMode)
                  00001636    00000002     rtsv7M4_T_le_v4SPD16_eabi.lib : startup.obj (.text)
                  00001638    00000028     msp432p4xx_driverlib.lib : flash.obj (.text:FlashCtl_setWaitState)
                  00001660    00000024                              : cs.obj (.text:CS_setDCOCenteredFrequency)
                  00001684    00000022     CS_Driver.obj (.text)
                  000016a6    00000002     --HOLE-- [fill = 0]
                  000016a8    00000018     rtsv7M4_T_le_v4SPD16_eabi.lib : args_main.obj (.text)
                  000016c0    00000014                                   : _lock.obj (.text)
                  000016d4    00000010     msp432p4xx_driverlib.lib : pcm.obj (.text:PCM_getPowerState)
                  000016e4    0000000e     rtsv7M4_T_le_v4SPD16_eabi.lib : copy_decompress_none.obj (.text:decompress:none)
                  000016f2    0000000e     startup_msp432p401r_ccs.obj (.text)
                  00001700    0000000c     rtsv7M4_T_le_v4SPD16_eabi.lib : copy_zero_init.obj (.text:decompress:ZI)
                  0000170c    00000008     msp432p4xx_driverlib.lib : pcm.obj (.text:PCM_setCoreVoltageLevel)
                  00001714    00000008                              : pcm.obj (.text:PCM_setPowerMode)
                  0000171c    00000004     rtsv7M4_T_le_v4SPD16_eabi.lib : pre_init.obj (.text)

.cinit     0    00001720    000000b0     
                  00001720    0000008a     (.cinit..data.load) [load image, compression = lzss]
                  000017aa    00000002     --HOLE-- [fill = 0]
                  000017ac    0000000c     (__TI_handler_table)
                  000017b8    00000008     (.cinit..bss.load) [load image, compression = zero_init]
                  000017c0    00000010     (__TI_cinit_table)

.init_array 
*          0    00000000    00000000     UNINITIALIZED

.bss       0    20000000    00001810     UNINITIALIZED
                  20000000    00000800     (.common:ESP8266_Buffer)
                  20000800    00000800     (.common:UARTA0Data)
                  20001000    00000800     (.common:UARTA2Data)
                  20001800    00000004     (.common:UARTA0ReadIndex)
                  20001804    00000004     (.common:UARTA0WriteIndex)
                  20001808    00000004     (.common:UARTA2ReadIndex)
                  2000180c    00000004     (.common:UARTA2WriteIndex)

.data      0    20001810    000000c7     UNINITIALIZED
                  20001810    00000048     main.obj (.data:HTTP_Request)
                  20001858    00000024     main.obj (.data:UART0Config)
                  2000187c    00000024     main.obj (.data:UART2Config)
                  200018a0    00000013     main.obj (.data:HTTP_WebPage)
                  200018b3    00000001     --HOLE--
                  200018b4    0000000c     rtsv7M4_T_le_v4SPD16_eabi.lib : exit.obj (.data:$O1$$)
                  200018c0    00000008                                   : _lock.obj (.data:$O1$$)
                  200018c8    00000004     main.obj (.data)
                  200018cc    00000004     rtsv7M4_T_le_v4SPD16_eabi.lib : stkdepth_vars.obj (.data)
                  200018d0    00000004     system_msp432p401r.obj (.data)
                  200018d4    00000003     main.obj (.data:Port)

.stack     0    2000fc00    00000400     UNINITIALIZED
                  2000fc00    00000400     --HOLE--

MODULE SUMMARY

       Module                        code   ro data   rw data
       ------                        ----   -------   -------
    .\
       main.obj                      824    0         340    
       system_msp432p401r.obj        812    0         8      
       startup_msp432p401r_ccs.obj   14     228       0      
    +--+-----------------------------+------+---------+---------+
       Total:                        1650   228       348    
                                                             
    .\Devices\
       ESP8266.obj                   952    0         4096   
       MSPIO.obj                     548    0         0      
    +--+-----------------------------+------+---------+---------+
       Total:                        1500   0         4096   
                                                             
    .\Hardware\
       UART_Driver.obj               880    0         8224   
       GPIO_Driver.obj               84     0         0      
       CS_Driver.obj                 34     0         0      
    +--+-----------------------------+------+---------+---------+
       Total:                        998    0         8224   
                                                             
    C:/ti/simplelink_msp432_sdk_1_40_01_00/source/ti/devices/msp432p4xx/driverlib/ccs/msp432p4xx_driverlib.lib
       pcm.obj                       514    0         0      
       flash.obj                     40     0         0      
       cs.obj                        36     0         0      
    +--+-----------------------------+------+---------+---------+
       Total:                        590    0         0      
                                                             
    C:\ti\ccsv7\tools\compiler\ti-cgt-arm_16.9.1.LTS\lib\rtsv7M4_T_le_v4SPD16_eabi.lib
       memcpy_t2.obj                 156    0         0      
       memset_t2.obj                 122    0         0      
       autoinit.obj                  112    0         0      
       exit.obj                      84     0         24     
       copy_decompress_lzss.obj      104    0         0      
       boot.obj                      84     0         0      
       ltoa.obj                      84     0         0      
       cpy_tbl.obj                   76     0         0      
       strstr.obj                    52     0         0      
       _lock.obj                     20     0         16     
       args_main.obj                 24     0         0      
       copy_decompress_none.obj      14     0         0      
       copy_zero_init.obj            12     0         0      
       stkdepth_vars.obj             0      0         8      
       pre_init.obj                  4      0         0      
       mpu_init.obj                  2      0         0      
       startup.obj                   2      0         0      
    +--+-----------------------------+------+---------+---------+
       Total:                        952    0         48     
                                                             
       Stack:                        0      0         2048   
       Linker Generated:             0      174       0      
    +--+-----------------------------+------+---------+---------+
       Grand Total:                  5690   402       14764  


LINKER GENERATED COPY TABLES

__TI_cinit_table @ 000017c0 records: 2, size/record: 8, table size: 16
	.data: load addr=00001720, load size=0000008a bytes, run addr=20001810, run size=000000c7 bytes, compression=lzss
	.bss: load addr=000017b8, load size=00000008 bytes, run addr=20000000, run size=00001810 bytes, compression=zero_init


LINKER GENERATED HANDLER TABLE

__TI_handler_table @ 000017ac records: 3, size/record: 4, table size: 12
	index: 0, handler: __TI_decompress_lzss
	index: 1, handler: __TI_decompress_none
	index: 2, handler: __TI_zero_init


GLOBAL SYMBOLS: SORTED ALPHABETICALLY BY Name 

address   name                             
-------   ----                             
000016ff  ADC14_IRQHandler                 
000016ff  AES256_IRQHandler                
000016ff  BusFault_Handler                 
000014b9  C$$EXIT                          
000016ff  COMP_E0_IRQHandler               
000016ff  COMP_E1_IRQHandler               
000016ff  CS_IRQHandler                    
00001685  CS_Init                          
00001661  CS_setDCOCenteredFrequency       
000016ff  DMA_ERR_IRQHandler               
000016ff  DMA_INT0_IRQHandler              
000016ff  DMA_INT1_IRQHandler              
000016ff  DMA_INT2_IRQHandler              
000016ff  DMA_INT3_IRQHandler              
000016ff  DebugMon_Handler                 
000016ff  Default_Handler                  
0000018f  ESP8266_AvailableAPs             
20000000  ESP8266_Buffer                   
00000159  ESP8266_CheckConnection          
000001c5  ESP8266_ConnectToAP              
00000207  ESP8266_EnableMultipleConnections
00000265  ESP8266_EstablishConnection      
000003c3  ESP8266_GetBuffer                
000003c7  ESP8266_HardReset                
000002f5  ESP8266_SendData                 
00000385  ESP8266_Terminal                 
000000e5  ESP8266_WaitForAnswer            
000006f1  EUSCIA0_IRQHandler               
000006f1  EUSCIA0_IRQHandler               
000016ff  EUSCIA1_IRQHandler               
00000775  EUSCIA2_IRQHandler               
00000775  EUSCIA2_IRQHandler               
000016ff  EUSCIA3_IRQHandler               
000016ff  EUSCIB0_IRQHandler               
000016ff  EUSCIB1_IRQHandler               
000016ff  EUSCIB2_IRQHandler               
000016ff  EUSCIB3_IRQHandler               
000016ff  FLCTL_IRQHandler                 
000016ff  FPU_IRQHandler                   
00001639  FlashCtl_setWaitState            
0000142b  GPIO_High                        
00001411  GPIO_Init                        
00001445  GPIO_Low                         
20001810  HTTP_Request                     
200018c8  HTTP_Request_Size                
200018a0  HTTP_WebPage                     
000016ff  HardFault_Handler                
00000fed  MSPgets                          
00000f33  MSPrintf                         
000016ff  MemManage_Handler                
000016ff  NMI_Handler                      
000016ff  PCM_IRQHandler                   
000015e1  PCM_getCoreVoltageLevel          
0000160d  PCM_getPowerMode                 
000016d5  PCM_getPowerState                
0000170d  PCM_setCoreVoltageLevel          
00001715  PCM_setPowerMode                 
000016ff  PORT1_IRQHandler                 
000016ff  PORT2_IRQHandler                 
000016ff  PORT3_IRQHandler                 
000016ff  PORT4_IRQHandler                 
000016ff  PORT5_IRQHandler                 
000016ff  PORT6_IRQHandler                 
000016ff  PSS_IRQHandler                   
000016ff  PendSV_Handler                   
200018d4  Port                             
00000e71  PrintChar                        
00000ea7  PrintInteger                     
00000e85  PrintString                      
000016ff  RTC_C_IRQHandler                 
000016f3  Reset_Handler                    
UNDEFED   SHT$$INIT_ARRAY$$Base            
UNDEFED   SHT$$INIT_ARRAY$$Limit           
000016ff  SVC_Handler                      
000016ff  SysTick_Handler                  
200018d0  SystemCoreClock                  
00000b45  SystemCoreClockUpdate            
00000db9  SystemInit                       
000016ff  T32_INT1_IRQHandler              
000016ff  T32_INT2_IRQHandler              
000016ff  T32_INTC_IRQHandler              
000016ff  TA0_0_IRQHandler                 
000016ff  TA0_N_IRQHandler                 
000016ff  TA1_0_IRQHandler                 
000016ff  TA1_N_IRQHandler                 
000016ff  TA2_0_IRQHandler                 
000016ff  TA2_N_IRQHandler                 
000016ff  TA3_0_IRQHandler                 
000016ff  TA3_N_IRQHandler                 
20001858  UART0Config                      
2000187c  UART2Config                      
20000800  UARTA0Data                       
20001800  UARTA0ReadIndex                  
20001804  UARTA0WriteIndex                 
20001000  UARTA2Data                       
20001808  UARTA2ReadIndex                  
2000180c  UARTA2WriteIndex                 
00000685  UART_Available                   
000006bd  UART_Flush                       
0000049d  UART_Init                        
0000058d  UART_Read                        
00000551  UART_Write                       
000016ff  UsageFault_Handler               
4000480c  WDTCTL_SYM                       
000016ff  WDT_A_IRQHandler                 
20010000  __STACK_END                      
00000400  __STACK_SIZE                     
000017c0  __TI_CINIT_Base                  
000017d0  __TI_CINIT_Limit                 
000017ac  __TI_Handler_Table_Base          
000017b8  __TI_Handler_Table_Limit         
00001339  __TI_auto_init                   
200018b4  __TI_cleanup_ptr                 
000013a9  __TI_decompress_lzss             
000016e5  __TI_decompress_none             
200018b8  __TI_dtors_ptr                   
200018bc  __TI_enable_exit_profile_output  
ffffffff  __TI_pprof_out_hndl              
ffffffff  __TI_prof_data_size              
ffffffff  __TI_prof_data_start             
00000000  __TI_static_base__               
00001701  __TI_zero_init                   
000012bd  __aeabi_memclr                   
000012bd  __aeabi_memclr4                  
000012bd  __aeabi_memclr8                  
00001221  __aeabi_memcpy                   
00001221  __aeabi_memcpy4                  
00001221  __aeabi_memcpy8                  
000012bf  __aeabi_memset                   
000012bf  __aeabi_memset4                  
000012bf  __aeabi_memset8                  
ffffffff  __binit__                        
ffffffff  __c_args__                       
00001337  __mpu_init                       
2000fc00  __stack                          
000016a9  _args_main                       
00001465  _c_int00                         
200018c0  _lock                            
000016cf  _nop                             
000016c7  _register_lock                   
000016c1  _register_unlock                 
00001637  _system_post_cinit               
0000171d  _system_pre_init                 
200018c4  _unlock                          
000014bd  abort                            
ffffffff  binit                            
00001561  copy_in                          
000014c5  exit                             
00000000  interruptVectors                 
0000150d  ltoa                             
0000080d  main                             
200018cc  main_func_sp                     
00001221  memcpy                           
000012c5  memset                           
000015ad  strstr                           


GLOBAL SYMBOLS: SORTED BY Symbol Address 

address   name                             
-------   ----                             
00000000  __TI_static_base__               
00000000  interruptVectors                 
000000e5  ESP8266_WaitForAnswer            
00000159  ESP8266_CheckConnection          
0000018f  ESP8266_AvailableAPs             
000001c5  ESP8266_ConnectToAP              
00000207  ESP8266_EnableMultipleConnections
00000265  ESP8266_EstablishConnection      
000002f5  ESP8266_SendData                 
00000385  ESP8266_Terminal                 
000003c3  ESP8266_GetBuffer                
000003c7  ESP8266_HardReset                
00000400  __STACK_SIZE                     
0000049d  UART_Init                        
00000551  UART_Write                       
0000058d  UART_Read                        
00000685  UART_Available                   
000006bd  UART_Flush                       
000006f1  EUSCIA0_IRQHandler               
000006f1  EUSCIA0_IRQHandler               
00000775  EUSCIA2_IRQHandler               
00000775  EUSCIA2_IRQHandler               
0000080d  main                             
00000b45  SystemCoreClockUpdate            
00000db9  SystemInit                       
00000e71  PrintChar                        
00000e85  PrintString                      
00000ea7  PrintInteger                     
00000f33  MSPrintf                         
00000fed  MSPgets                          
00001221  __aeabi_memcpy                   
00001221  __aeabi_memcpy4                  
00001221  __aeabi_memcpy8                  
00001221  memcpy                           
000012bd  __aeabi_memclr                   
000012bd  __aeabi_memclr4                  
000012bd  __aeabi_memclr8                  
000012bf  __aeabi_memset                   
000012bf  __aeabi_memset4                  
000012bf  __aeabi_memset8                  
000012c5  memset                           
00001337  __mpu_init                       
00001339  __TI_auto_init                   
000013a9  __TI_decompress_lzss             
00001411  GPIO_Init                        
0000142b  GPIO_High                        
00001445  GPIO_Low                         
00001465  _c_int00                         
000014b9  C$$EXIT                          
000014bd  abort                            
000014c5  exit                             
0000150d  ltoa                             
00001561  copy_in                          
000015ad  strstr                           
000015e1  PCM_getCoreVoltageLevel          
0000160d  PCM_getPowerMode                 
00001637  _system_post_cinit               
00001639  FlashCtl_setWaitState            
00001661  CS_setDCOCenteredFrequency       
00001685  CS_Init                          
000016a9  _args_main                       
000016c1  _register_unlock                 
000016c7  _register_lock                   
000016cf  _nop                             
000016d5  PCM_getPowerState                
000016e5  __TI_decompress_none             
000016f3  Reset_Handler                    
000016ff  ADC14_IRQHandler                 
000016ff  AES256_IRQHandler                
000016ff  BusFault_Handler                 
000016ff  COMP_E0_IRQHandler               
000016ff  COMP_E1_IRQHandler               
000016ff  CS_IRQHandler                    
000016ff  DMA_ERR_IRQHandler               
000016ff  DMA_INT0_IRQHandler              
000016ff  DMA_INT1_IRQHandler              
000016ff  DMA_INT2_IRQHandler              
000016ff  DMA_INT3_IRQHandler              
000016ff  DebugMon_Handler                 
000016ff  Default_Handler                  
000016ff  EUSCIA1_IRQHandler               
000016ff  EUSCIA3_IRQHandler               
000016ff  EUSCIB0_IRQHandler               
000016ff  EUSCIB1_IRQHandler               
000016ff  EUSCIB2_IRQHandler               
000016ff  EUSCIB3_IRQHandler               
000016ff  FLCTL_IRQHandler                 
000016ff  FPU_IRQHandler                   
000016ff  HardFault_Handler                
000016ff  MemManage_Handler                
000016ff  NMI_Handler                      
000016ff  PCM_IRQHandler                   
000016ff  PORT1_IRQHandler                 
000016ff  PORT2_IRQHandler                 
000016ff  PORT3_IRQHandler                 
000016ff  PORT4_IRQHandler                 
000016ff  PORT5_IRQHandler                 
000016ff  PORT6_IRQHandler                 
000016ff  PSS_IRQHandler                   
000016ff  PendSV_Handler                   
000016ff  RTC_C_IRQHandler                 
000016ff  SVC_Handler                      
000016ff  SysTick_Handler                  
000016ff  T32_INT1_IRQHandler              
000016ff  T32_INT2_IRQHandler              
000016ff  T32_INTC_IRQHandler              
000016ff  TA0_0_IRQHandler                 
000016ff  TA0_N_IRQHandler                 
000016ff  TA1_0_IRQHandler                 
000016ff  TA1_N_IRQHandler                 
000016ff  TA2_0_IRQHandler                 
000016ff  TA2_N_IRQHandler                 
000016ff  TA3_0_IRQHandler                 
000016ff  TA3_N_IRQHandler                 
000016ff  UsageFault_Handler               
000016ff  WDT_A_IRQHandler                 
00001701  __TI_zero_init                   
0000170d  PCM_setCoreVoltageLevel          
00001715  PCM_setPowerMode                 
0000171d  _system_pre_init                 
000017ac  __TI_Handler_Table_Base          
000017b8  __TI_Handler_Table_Limit         
000017c0  __TI_CINIT_Base                  
000017d0  __TI_CINIT_Limit                 
20000000  ESP8266_Buffer                   
20000800  UARTA0Data                       
20001000  UARTA2Data                       
20001800  UARTA0ReadIndex                  
20001804  UARTA0WriteIndex                 
20001808  UARTA2ReadIndex                  
2000180c  UARTA2WriteIndex                 
20001810  HTTP_Request                     
20001858  UART0Config                      
2000187c  UART2Config                      
200018a0  HTTP_WebPage                     
200018b4  __TI_cleanup_ptr                 
200018b8  __TI_dtors_ptr                   
200018bc  __TI_enable_exit_profile_output  
200018c0  _lock                            
200018c4  _unlock                          
200018c8  HTTP_Request_Size                
200018cc  main_func_sp                     
200018d0  SystemCoreClock                  
200018d4  Port                             
2000fc00  __stack                          
20010000  __STACK_END                      
4000480c  WDTCTL_SYM                       
ffffffff  __TI_pprof_out_hndl              
ffffffff  __TI_prof_data_size              
ffffffff  __TI_prof_data_start             
ffffffff  __binit__                        
ffffffff  __c_args__                       
ffffffff  binit                            
UNDEFED   SHT$$INIT_ARRAY$$Base            
UNDEFED   SHT$$INIT_ARRAY$$Limit           

[155 symbols]
